// Jest Snapshot v1, https://goo.gl/fbAQLP

exports[`matches previous snapshot and renders correctly 1`] = `
<View>
  <View
    style={
      Object {
        "backgroundColor": "white",
        "padding": 23,
      }
    }
  />
  <View
    style={
      Object {
        "flexDirection": "row",
      }
    }
  >
    <View
      style={
        Object {
          "backgroundColor": "white",
          "borderBottomWidth": 1,
          "borderColor": "gray",
          "flex": 1,
          "padding": 10,
        }
      }
    >
      <View
        style={
          Array [
            Object {
              "flexDirection": "row",
              "justifyContent": "center",
            },
            Object {
              "marginRight": 5,
            },
          ]
        }
      >
        <RNGestureHandlerButton
          activeOpacity={0.3}
          borderless={true}
          collapsable={false}
          disabled={false}
          enabled={true}
          hitSlop={
            Object {
              "bottom": 5,
              "left": 5,
              "right": 5,
              "top": 5,
            }
          }
          onActiveStateChange={[Function]}
          onGestureEvent={[Function]}
          onGestureHandlerEvent={[Function]}
          onGestureHandlerStateChange={[Function]}
          onHandlerStateChange={[Function]}
          onPress={[Function]}
          rippleRadius={20}
          style={
            Object {
              "alignItems": "center",
              "justifyContent": "center",
              "opacity": 1,
            }
          }
        >
          <View>
            <Text />
          </View>
        </RNGestureHandlerButton>
      </View>
    </View>
    <View
      style={
        Object {
          "backgroundColor": "white",
          "borderBottomWidth": 1,
          "borderColor": "gray",
          "flex": 6,
          "paddingBottom": 7,
          "paddingTop": 9,
        }
      }
    >
      <View
        style={
          Object {
            "alignItems": "center",
            "flexDirection": "row",
            "justifyContent": "center",
          }
        }
      >
        <Text
          style={
            Object {
              "color": "black",
              "fontFamily": "CormorantUpright",
              "fontSize": 26,
            }
          }
        >
          ExhibitU
        </Text>
      </View>
    </View>
    <View>
      <View
        style={
          Object {
            "backgroundColor": "white",
            "borderBottomWidth": 1,
            "borderColor": "gray",
            "flex": 1,
            "marginLeft": 23,
            "marginRight": 23,
            "padding": 10,
          }
        }
      />
    </View>
  </View>
</View>
`;
