// Jest Snapshot v1, https://goo.gl/fbAQLP

exports[`matches previous snapshot and renders correctly 1`] = `
<View
  style={
    Object {
      "alignItems": "center",
    }
  }
>
  <ViewManagerAdapter_ExpoLinearGradient
    proxiedProperties={
      Object {
        "colors": Array [
          4281479730,
          4278190080,
        ],
        "endPoint": Array [
          1,
          0,
        ],
        "locations": undefined,
        "startPoint": Array [
          0,
          0,
        ],
      }
    }
    style={
      Object {
        "height": 350,
        "position": "absolute",
        "width": "100%",
        "zIndex": 3,
      }
    }
  />
  <Image
    onLoadEnd={[Function]}
    onLoadStart={[Function]}
    style={
      Object {
        "height": 350,
        "width": "100%",
      }
    }
  />
  <View
    style={
      Object {
        "alignItems": "center",
        "borderBottomColor": "black",
        "borderBottomWidth": 1,
      }
    }
  >
    <Text
      style={
        Object {
          "color": "black",
          "fontSize": 18,
          "fontWeight": "bold",
          "margin": 10,
        }
      }
    />
  </View>
  <Text />
  <View
    style={
      Object {
        "flexDirection": "row",
        "flexWrap": "wrap",
        "justifyContent": "center",
        "marginVertical": 5,
      }
    }
  />
</View>
`;
