// Jest Snapshot v1, https://goo.gl/fbAQLP

exports[`matches previous snapshot and renders correctly 1`] = `
<View
  style={
    Object {
      "alignItems": "center",
      "alignSelf": "center",
      "flexDirection": "row",
      "height": 100,
      "justifyContent": "center",
      "width": "80%",
    }
  }
>
  <View
    style={
      Object {
        "overflow": "hidden",
      }
    }
  >
    <Text
      style={
        Object {
          "fontSize": 12,
          "fontWeight": "500",
          "margin": 20,
          "marginBottom": 10,
        }
      }
    />
    <Text
      style={
        Object {
          "fontSize": 12,
          "fontWeight": "300",
          "marginHorizontal": 20,
        }
      }
    />
  </View>
</View>
`;
